[backblue.gif]
[fade.gif]
[index.html]
[www.cezam.fr/index.html]
[www.cezam.fr/favicon1820.ico]
[www.cezam.fr/build/layout/cezam/js/main1820.js]
[consent.extrazimut.net/consent.js]
[www.cezam.fr/img/cezam/discover/logo-cezam1820.png]
[www.cezam.fr/mediacenter/uploads/m/formation-cse-cezam4.png]
[www.cezam.fr/mediacenter/uploads/m/visuel-pr-hors-co-2024.png]
[www.cezam.fr/mediacenter/uploads/m/maif-2.png]
[www.cezam.fr/mediacenter/uploads/m/visuel-portail-sept.png]
[www.cezam.fr/mediacenter/uploads/m/appli22-112.png]
[www.cezam.fr/img/cezam/discover/picto-users1820.png]
[www.cezam.fr/img/cezam/discover/picto-orga1820.png]
[www.cezam.fr/img/cezam/discover/picto-elu1820.png]
[www.cezam.fr/img/cezam/discover/picto-experience1820.png]
[www.cezam.fr/img/cezam/discover/picto-partenaires1820.png]
[www.cezam.fr/img/cezam/discover/picto-offres1820.png]
[www.cezam.fr/img/cezam/discover/picto-contact-adherent1820.png]
[www.cezam.fr/img/cezam/discover/picto-contact-partenaire1820.png]
[www.cezam.fr/img/cezam/discover/picto-contact-porteur1820.png]
[www.cezam.fr/img/cezam/logo-cezam-blanc1820.png]
[www.cezam.fr/js/catalog1820.js]
[www.cezam.fr/cezam.html]
[www.cezam.fr/build/assets/glyphicons-halflings-regular.eot]
[www.cezam.fr/build/assets/glyphicons-halflings-regular.woff2]
[www.cezam.fr/build/assets/glyphicons-halflings-regular.woff]
[www.cezam.fr/build/assets/glyphicons-halflings-regular.ttf]
[www.cezam.fr/build/assets/arr.png]
[www.cezam.fr/build/assets/glyphicons-regular.eot]
[www.cezam.fr/build/assets/glyphicons-regular.woff2]
[www.cezam.fr/build/assets/glyphicons-regular.woff]
[www.cezam.fr/build/assets/glyphicons-regular.ttf]
[www.cezam.fr/build/assets/ajax-loader.gif]
[www.cezam.fr/build/assets/slick.eot]
[www.cezam.fr/build/assets/slick.woff]
[www.cezam.fr/build/assets/slick.ttf]
[www.cezam.fr/build/assets/home-intro-text.png]
[www.cezam.fr/build/assets/cercles_72.png]
[www.cezam.fr/build/assets/image_defaut.png]
[www.cezam.fr/build/assets/ebillet-disponible.png]
[www.cezam.fr/build/assets/events-trace.png]
[www.cezam.fr/build/assets/events-trace-blanc.png]
[www.cezam.fr/build/assets/fleche-haut-56.png]
[www.cezam.fr/build/assets/home-cezam-1920.jpg]
[www.cezam.fr/build/assets/trame.png]
[www.cezam.fr/build/assets/coin-gauche.png]
[www.cezam.fr/build/assets/trame2.png]
[www.cezam.fr/build/assets/elu-cse.png]
[www.cezam.fr/build/assets/coin-gauche-bleu.png]
[www.cezam.fr/build/assets/salarie-cse.png]
[www.cezam.fr/build/assets/coin-gauche-rect.png]
[www.cezam.fr/build/assets/coin-droite.png]
[www.cezam.fr/build/assets/home-cezam-1330.jpg]
[www.cezam.fr/build/assets/home-cezam-375.jpg]
[www.cezam.fr/build/assets/bree_regular.woff2]
[www.cezam.fr/build/assets/bree_regular.woff]
[www.cezam.fr/build/assets/bree_light.woff2]
[www.cezam.fr/build/assets/bree_light.woff]
[www.cezam.fr/build/assets/bree_bold.woff2]
[www.cezam.fr/build/assets/bree_bold.woff]
[www.cezam.fr/build/assets/Hind-Regular.ttf]
[www.cezam.fr/build/assets/Hind-Bold.ttf]
[www.cezam.fr/build/assets/Hind-SemiBold.ttf]
[www.cezam.fr/build/assets/Hind-Light.ttf]
[www.cezam.fr/build/layout/cezam/css/main1820.css]
[www.cezam.fr/img/cezam/picto-france1820.png]
[www.cezam.fr/mediacenter/uploads/xxl/bandeau-desk3.png]
[www.cezam.fr/mediacenter/uploads/m/cooperation.png]
[www.cezam.fr/mediacenter/uploads/m/citoyennete.png]
[www.cezam.fr/mediacenter/uploads/m/proximite.png]
[www.cezam.fr/mediacenter/uploads/m/expertise.png]
[www.cezam.fr/qui-sommes-nous-1.html]
[www.cezam.fr/mediacenter/uploads/m/formation_cse_cezam.jpg]
[www.cezam.fr/mediacenter/uploads/m/portrait.png]
[www.cezam.fr/mediacenter/uploads/xl/projet.png]
[www.cezam.fr/mediacenter/uploads/m/echange_1.png]
[www.cezam.fr/mediacenter/uploads/s/bulle-dialogue.png]
[www.cezam.fr/formations-cse.html]
[www.cezam.fr/mediacenter/uploads/xl/portrait.png]
[www.cezam.fr/mediacenter/uploads/xl/secretariat_2.png]
[www.cezam.fr/mediacenter/uploads/xl/compta_2.png]
[www.cezam.fr/mediacenter/uploads/xl/redaction_2.png]
[www.cezam.fr/mediacenter/uploads/xl/communication_2.png]
[www.cezam.fr/mediacenter/uploads/xl/informatique-2.png]
[www.cezam.fr/assistance-technique-cse.html]
[www.cezam.fr/mediacenter/uploads/xl/billetterie_21.png]
[www.cezam.fr/mediacenter/uploads/xl/logiciel_2.png]
[www.cezam.fr/billetterie-cse.html]
[www.cezam.fr/mediacenter/uploads/xl/loisirs_1.png]
[www.cezam.fr/mediacenter/uploads/xl/detente_1.png]
[www.cezam.fr/mediacenter/uploads/xl/amis_1.png]
[www.cezam.fr/mediacenter/uploads/s/icone-point-interrogation.png]
[www.cezam.fr/carte-cezam-1.html]
[www.cezam.fr/mediacenter/uploads/m/lecture_1.png]
[www.cezam.fr/mediacenter/uploads/xl/noel_1.png]
[www.cezam.fr/animations-culturelles-cse.html]
[www.cezam.fr/mediacenter/uploads/m/decouverte_1.png]
[www.cezam.fr/mediacenter/uploads/l/catalogue-vacances-tourisme-cse2.png]
[www.cezam.fr/mediacenter/uploads/m/amis_1.png]
[www.cezam.fr/sorties-voyages-sejours.html]
[www.cezam.fr/mediacenter/uploads/xl/logo-e-ticket.png]
[www.cezam.fr/mediacenter/uploads/m/app-store-badge.png]
[play.google.com/intl/en_us/badges/static/images/badges/fr_badge_web_generic.png]
[www.cezam.fr/faq-elus-cse-1.html]
[www.cezam.fr/mediacenter/uploads/s/1-picto-cezam_carte_png.png]
[www.cezam.fr/mediacenter/uploads/s/2-picto-cezam_charriot_png.png]
[www.cezam.fr/mediacenter/uploads/s/3-picto-cezam_telpng.png]
[www.cezam.fr/faq-carte-cezam-1.html]
[www.cezam.fr/build/layout/cezam/js/tab1820.js]
[www.cezam.fr/img/cezam/default_header1820.jpg]
[www.cezam.fr/login.html]
[www.cezam.fr/img/cezam/discover/user1820.svg]
[www.cezam.fr/nous-trouver.html]
[www.cezam.fr/img/cezam/discover/france1820.svg]
[www.google.com/recaptcha/api7d7c.js]
[www.cezam.fr/contact.html]
[www.cezam.fr/img/cezam/discover/phone1820.svg]
[www.cezam.fr/commande/panier.html]
[www.cezam.fr/mediacenter/uploads/l/formation-cse-cezam4.png]
[www.cezam.fr/cezam/nos-formations-pour-les-elus-de-cse.html]
[www.cezam.fr/mediacenter/uploads/l/visuel-pr-hors-co-2024.png]
[www.cezam.fr/mediacenter/uploads/m/01-l'enfant-riviere.png]
[www.cezam.fr/mediacenter/uploads/m/02-les-silences.png]
[www.cezam.fr/mediacenter/uploads/m/03-comment-va-la-nuit.png]
[www.cezam.fr/mediacenter/uploads/m/04-la-femme-paradis.png]
[www.cezam.fr/mediacenter/uploads/m/05-les-contemplees.png]
[www.cezam.fr/mediacenter/uploads/m/06-flagrant-deni.png]
[www.cezam.fr/mediacenter/uploads/m/07-demain-les-ombres.png]
[www.cezam.fr/mediacenter/uploads/m/08-allegement-des-vernis.png]
[www.cezam.fr/mediacenter/uploads/m/09-les-cles-du-couloir.png]
[www.cezam.fr/mediacenter/uploads/m/10-le-profil-de-galatee.png]
[www.cezam.fr/cezam/le-prix-du-roman-cezam-2024.html]
[www.cezam.fr/mediacenter/uploads/l/maif-2.png]
[www.cezam.fr/cezam/maif-une-assurance-multirisque-cse.html]
[www.cezam.fr/mediacenter/uploads/l/visuel-portail-sept.png]
[www.cezam.fr/mediacenter/uploads/article-cse-cezam-sept-2022-loi-climat.pdf]
[www.cezam.fr/cezam/transition-ecologique-1.html]
[www.cezam.fr/mediacenter/uploads/l/appli22-112.png]
[www.cezam.fr/mediacenter/uploads/xl/picto-geolocalisez.png]
[www.cezam.fr/mediacenter/uploads/xl/picto-accedez.png]
[www.cezam.fr/mediacenter/uploads/xl/picto-recevez.png]
[www.cezam.fr/mediacenter/uploads/sc/google-play_web.png]
[www.cezam.fr/mediacenter/uploads/sc/disponible-sur-app-store_web.png]
[www.cezam.fr/cezam/application-ma-carte-cezam.html]
[www.cezam.fr/compte-adherent-demo.html]
[www.cezam.fr/devenir-adherent.html]
[www.cezam.fr/devenir-partenaire.html]
[www.cezam.fr/img/cezam/fond-couleur-filtre1820.jpg]
[www.cezam.fr/choix-antenne05e5.html]
[www.cezam.fr/mentions-legales-2.html]
[www.cezam.fr/donnees-personnelles-2.html]
[www.cezam.fr/faq-elus-cse.html]
[www.cezam.fr/faq-carte-cezam.html]
[www.cezam.fr/build/assets/glyphicons-halflings-regular.svg]
[www.cezam.fr/build/assets/glyphicons-regular.svg]
[www.cezam.fr/build/assets/slick.svg]
[www.cezam.fr/build/assets/triangle_bleu.svg]
[www.cezam.fr/build/assets/triangle_orange.svg]
[www.cezam.fr/build/assets/user.svg]
[www.cezam.fr/build/assets/password.svg]
[www.cezam.fr/choix-antenne.html]
[www.cezam.fr/catalogue-formation.html]
[www.cezam.fr/mediacenter/uploads/l/maif-logo_330x230.png]
[www.cezam.fr/mediacenter/uploads/notice-informations-maif.pdf]
[www.cezam.fr/mediacenter/uploads/declaration-sinistre-maif.pdf]
[www.cezam.fr/mediacenter/uploads/xl/cse_rs-slider-800x380-px_03-2020_v2.png]
[www.cezam.fr/la-carte-cezam/assurance-maif-carte-cezam.html]
[www.cezam.fr/mediacenter/uploads/cezam_reglementation_urssaf_2023.pdf]
[www.cezam.fr/mediacenter/uploads/sc/upcadhoccarte_chequier_appli-2023.png]
[www.cezam.fr/mediacenter/uploads/sc/chequier_culture.png]
[www.cezam.fr/mediacenter/uploads/sc/chequier_lire.png]
[www.cezam.fr/bons-d-achat.html]
[www.cezam.fr/mediacenter/uploads/xxl/head-site-prix-roman-2024-1348-x-400.jpg]
[www.cezam.fr/mediacenter/uploads/s/puce.png]
[www.cezam.fr/mediacenter/uploads/s/picto-telecharger2.png]
[www.cezam.fr/mediacenter/uploads/s/picto-vote.png]
[www.cezam.fr/mediacenter/uploads/s/loupe11.png]
[www.cezam.fr/mediacenter/uploads/s/facebook-picto.png]
[www.cezam.fr/mediacenter/uploads/sc/le-profil-de-galatee.jpg]
[www.cezam.fr/mediacenter/uploads/sc/l'allegement-des-vernis.jpg]
[www.cezam.fr/mediacenter/uploads/sc/demain-les-ombres.jpg]
[www.cezam.fr/mediacenter/uploads/sc/flagrant-deni.jpg]
[www.cezam.fr/mediacenter/uploads/sc/les-cles-du-couloir.jpg]
[www.cezam.fr/mediacenter/uploads/sc/les-contemplees.jpg]
[www.cezam.fr/mediacenter/uploads/sc/la-femme-paradis.jpg]
[www.cezam.fr/mediacenter/uploads/sc/comment-va-la-nuit.jpg]
[www.cezam.fr/mediacenter/uploads/sc/les-silences1.jpg]
[www.cezam.fr/mediacenter/uploads/sc/l'enfant-riviere.jpg]
[www.cezam.fr/animations-culturelles/prix-du-roman.html]
[www.cezam.fr/faq-adherents.html]
[www.cezam.fr/donnees-personnelles-1.html]
[www.cezam.fr/faq.html]
[www.cezam.fr/img/cezam/home-color1820.jpg]
[www.cezam.fr/lost-password.html]
[www.cezam.fr/moncompte/index.html]
[www.cezam.fr/mediacenter/uploads/xl/maif-logo_330x230.png]
[www.cezam.fr/mediacenter/uploads/l/banniere_contrat_collectif_dassurance_2020.jpg]
[www.cezam.fr/assurance-maif-1.html]
[www.cezam.fr/create-account.html]
[www.cezam.fr/compte-partenaire-demo.html]
[www.cezam.fr/cezam/index.html]
[www.cezam.fr/choix-antenne/index.html]
[www.cezam.fr/mentions-legales.html]
[activites.fedecezam.fr/upload/3Pastille imputable budget AEP.png]
[www.cezam.fr/catalogue-formation/320474.html]
[www.cezam.fr/catalogue-formation/228298.html]
[activites.fedecezam.fr/upload/13Pastille imputable budget AEP.png]
[www.cezam.fr/mediacenter/uploads/catalogue-formations-2024.pdf]
[www.cezam.fr/catalogue-formation/288243.html]
[activites.fedecezam.fr/upload/2Pastille imputable budget AEP.png]
[www.cezam.fr/catalogue-formation/320473.html]
[www.cezam.fr/catalogue-formation/228310.html]
[activites.fedecezam.fr/upload/19Pastille imputable budget AEP.png]
[www.cezam.fr/catalogue-formation/234597.html]
[activites.fedecezam.fr/upload/11Pastille imputable budget AEP.png]
[www.cezam.fr/catalogue-formation/288236.html]
[activites.fedecezam.fr/upload/16Pastille imputable budget AEP.png]
[www.cezam.fr/catalogue-formation/273201.html]
[www.cezam.fr/catalogue-formation/271411.html]
[activites.fedecezam.fr/upload/1bloggif_5ac38f7bc0deb.jpg]
[www.cezam.fr/catalogue-formation/345004.html]
[activites.fedecezam.fr/upload/visu1.jpg]
[www.cezam.fr/catalogue-formation/230461.html]
[activites.fedecezam.fr/upload/10bloggif-5ac38f7bc0deb.jpg]
[www.cezam.fr/catalogue-formation/227342.html]
[activites.fedecezam.fr/upload/bloggif_5ac38f7bc0deb.jpg]
[www.cezam.fr/catalogue-formation/291486.html]
[www.cezam.fr/catalogue-formation/228306.html]
[activites.fedecezam.fr/upload/4Pastille eligible au congé de formation-min-min.jpg]
[www.cezam.fr/catalogue-formation/320472.html]
[activites.fedecezam.fr/upload/4Pastille imputable budget AEP.png]
[www.cezam.fr/catalogue-formation/320475.html]
[activites.fedecezam.fr/upload/18Pastille imputable budget AEP.png]
[www.cezam.fr/catalogue-formation/257086.html]
[activites.fedecezam.fr/upload/7Pastille eligible au congé de formation-min-min.jpg]
[www.cezam.fr/catalogue-formation/251326.html]
[activites.fedecezam.fr/upload/Pastille imputable budget AEP.png]
[www.cezam.fr/catalogue-formation/288238.html]
[activites.fedecezam.fr/upload/5Pastille eligible au congé de formation.jpg]
[www.cezam.fr/catalogue-formation/340231.html]
[activites.fedecezam.fr/upload/5Pastille eligible au congé de formation-min-min.jpg]
[www.cezam.fr/catalogue-formation/288240.html]
[activites.fedecezam.fr/upload/10Pastille imputable budget AEP.png]
[www.cezam.fr/catalogue-formation/290759.html]
[activites.fedecezam.fr/upload/7Pastille imputable budget AEP.png]
[www.cezam.fr/catalogue-formation/320478.html]
[activites.fedecezam.fr/upload/22Pastille imputable budget AEP.png]
[www.cezam.fr/catalogue-formation/227463.html]
[activites.fedecezam.fr/upload/-184019188.jpg]
[www.cezam.fr/catalogue-formation/230648.html]
[www.cezam.fr/catalogue-formation/228293.html]
[www.cezam.fr/catalogue-formation/228072.html]
[activites.fedecezam.fr/upload/3bloggif_5ac38f7bc0deb.jpg]
[www.cezam.fr/catalogue-formation/345006.html]
[activites.fedecezam.fr/upload/6Pastille imputable budget AEP.png]
[www.cezam.fr/catalogue-formation/320477.html]
[activites.fedecezam.fr/upload/17Pastille imputable budget AEP.png]
[www.cezam.fr/catalogue-formation/273202.html]
[activites.fedecezam.fr/upload/21Pastille imputable budget AEP.png]
[www.cezam.fr/catalogue-formation/227462.html]
[www.cezam.fr/catalogue-formation/328074.html]
[www.cezam.fr/catalogue-formation/328229.html]
[www.cezam.fr/catalogue-formation/334011.html]
[www.cezam.fr/catalogue-formation/334196.html]
[www.cezam.fr/catalogue-formation/334304.html]
[www.cezam.fr/catalogue-formation/334452.html]
[www.cezam.fr/catalogue-formation/334453.html]
[www.cezam.fr/catalogue-formation/334454.html]
[www.cezam.fr/catalogue-formation/334455.html]
[www.cezam.fr/catalogue-formation/334456.html]
[www.cezam.fr/catalogue-formation/334457.html]
[www.cezam.fr/catalogue-formation/334596.html]
[www.cezam.fr/catalogue-formation/334597.html]
[www.cezam.fr/catalogue-formation/252493.html]
[activites.fedecezam.fr/upload/9Pastille imputable budget AEP.png]
[www.cezam.fr/catalogue-formation/317216.html]
[www.cezam.fr/catalogue-formation/284281.html]
[activites.fedecezam.fr/upload/ampoule.png]
[www.cezam.fr/catalogue-formation/274847.html]
[activites.fedecezam.fr/upload/6Pastille eligible au congé de formation-min-min.jpg]
[www.cezam.fr/catalogue-formation/273198.html]
[activites.fedecezam.fr/upload/20Pastille imputable budget AEP.png]
[www.cezam.fr/catalogue-formation/227461.html]
[activites.fedecezam.fr/upload/5Pastille imputable budget AEP.png]
[www.cezam.fr/catalogue-formation/320476.html]
[www.cezam.fr/catalogue-formation/228307.html]
[activites.fedecezam.fr/upload/12Pastille imputable budget AEP.png]
[www.cezam.fr/catalogue-formation/288239.html]
[www.cezam.fr/catalogue-formation/334008.html]
[www.cezam.fr/catalogue-formation/334010.html]
[www.cezam.fr/catalogue-formation/334194.html]
[www.cezam.fr/catalogue-formation/334197.html]
[www.cezam.fr/catalogue-formation/334303.html]
[www.cezam.fr/catalogue-formation/228309.html]
[www.cezam.fr/catalogue-formation/334301.html]
[www.cezam.fr/catalogue-formation/228302.html]
[www.cezam.fr/catalogue-formation/334287.html]
[www.cezam.fr/catalogue-formation/334288.html]
[www.cezam.fr/catalogue-formation/334289.html]
[www.cezam.fr/catalogue-formation/334293.html]
[www.cezam.fr/catalogue-formation/334305.html]
[www.cezam.fr/catalogue-formation/252492.html]
[www.cezam.fr/catalogue-formation/334195.html]
[activites.fedecezam.fr/upload/8bloggif-5ac38f7bc0deb.jpg]
[www.cezam.fr/catalogue-formation/228188.html]
[www.cezam.fr/catalogue-formation/228303.html]
[activites.fedecezam.fr/upload/28bloggif-5ac38f7bc0deb.jpg]
[www.cezam.fr/catalogue-formation/252490.html]
[www.cezam.fr/catalogue-formation/334290.html]
[www.cezam.fr/catalogue-formation/334291.html]
[www.cezam.fr/catalogue-formation/334292.html]
[www.cezam.fr/catalogue-formation/334294.html]
[www.cezam.fr/catalogue-formation/334306.html]
[www.cezam.fr/catalogue-formation/228300.html]
[www.cezam.fr/catalogue-formation/334006.html]
[www.cezam.fr/catalogue-formation/334193.html]
[www.cezam.fr/catalogue-formation/334199.html]
[www.cezam.fr/catalogue-formation/334299.html]
[www.cezam.fr/catalogue-formation/334307.html]
[www.cezam.fr/catalogue-formation/334598.html]
[www.cezam.fr/catalogue-formation/334600.html]
[www.cezam.fr/catalogue-formation/334602.html]
[www.cezam.fr/catalogue-formation/334604.html]
[www.cezam.fr/catalogue-formation/228301.html]
[www.cezam.fr/catalogue-formation/334007.html]
[www.cezam.fr/catalogue-formation/334192.html]
[www.cezam.fr/catalogue-formation/334200.html]
[www.cezam.fr/catalogue-formation/334300.html]
[www.cezam.fr/catalogue-formation/334308.html]
[www.cezam.fr/catalogue-formation/334599.html]
[www.cezam.fr/catalogue-formation/334601.html]
[www.cezam.fr/catalogue-formation/334603.html]
[www.cezam.fr/catalogue-formation/334605.html]
[www.cezam.fr/catalogue-formation/334004.html]
[www.cezam.fr/catalogue-formation/334009.html]
[www.cezam.fr/catalogue-formation/334201.html]
[www.cezam.fr/catalogue-formation/334302.html]
[www.cezam.fr/catalogue-formation/334606.html]
[activites.fedecezam.fr/upload/2bloggif_5ac38f7bc0deb.jpg]
[www.cezam.fr/catalogue-formation/345005.html]
[www.cezam.fr/catalogue-formation/228299.html]
[activites.fedecezam.fr/upload/25Pastille imputable budget AEP.png]
[www.cezam.fr/catalogue-formation/227466.html]
[activites.fedecezam.fr/upload/15Pastille imputable budget AEP.png]
[www.cezam.fr/catalogue-formation/273197.html]
[www.cezam.fr/catalogue-formation/292150.html]
[activites.fedecezam.fr/upload/1Pastille imputable budget AEP.png]
[www.cezam.fr/catalogue-formation/288241.html]
[activites.fedecezam.fr/upload/14Pastille imputable budget AEP.png]
[www.cezam.fr/catalogue-formation/273196.html]
[www.cezam.fr/catalogue-formation/328073.html]
[www.cezam.fr/catalogue-formation/334005.html]
[www.cezam.fr/catalogue-formation/334191.html]
[www.cezam.fr/catalogue-formation/334198.html]
[activites.fedecezam.fr/upload/8Pastille imputable budget AEP.png]
[www.cezam.fr/catalogue-formation/317295.html]
[www.cezam.fr/catalogue-formation/228297.html]
[www.cezam.fr/catalogue-formation/274619.html]
[www.cezam.fr/catalogue-formation/272835.html]
[activites.fedecezam.fr/upload/24Pastille imputable budget AEP.png]
[www.cezam.fr/catalogue-formation/227465.html]
[activites.fedecezam.fr/upload/23Pastille imputable budget AEP.png]
[www.cezam.fr/catalogue-formation/227464.html]
[www.cezam.fr/catalogue-formation/271413.html]
[www.cezam.fr/catalogue-formation/253883.html]
[activites.fedecezam.fr/upload/12bloggif-5ac38f7bc0deb.jpg]
[www.cezam.fr/catalogue-formation/234462.html]
[www.cezam.fr/catalogue-formation/236919.html]
[www.cezam.fr/catalogue-formation/252491.html]
[activites.fedecezam.fr/upload/2bloggif-5ac38f7bc0deb.jpg]
[www.cezam.fr/catalogue-formation/231741.html]
[activites.fedecezam.fr/upload/8formation.jpg]
[www.cezam.fr/catalogue-formation/290583.html]
[www.cezam.fr/catalogue-formation/228507.html]
[www.cezam.fr/catalogue-formation/228311.html]
[www.cezam.fr/catalogue-formation/228511.html]
[www.cezam.fr/catalogue-formation/228509.html]
[www.cezam.fr/catalogue-formation/320471.html]
[www.cezam.fr/catalogue-formation/245569.html]
[www.cezam.fr/catalogue-formation/288237.html]
[activites.fedecezam.fr/upload/4bloggif_5ac38f7bc0deb.jpg]
[www.cezam.fr/catalogue-formation/345007.html]
[activites.fedecezam.fr/upload/cible.jpg]
[www.cezam.fr/catalogue-formation/274848.html]
[activites.fedecezam.fr/upload/14bloggif-5ac38f7bc0deb.jpg]
[www.cezam.fr/catalogue-formation/234464.html]
[www.cezam.fr/catalogue-formation/334295.html]
[www.cezam.fr/catalogue-formation/277629.html]
[www.cezam.fr/catalogue-formation/274049.html]
[www.cezam.fr/catalogue-formation/228506.html]
[www.cezam.fr/catalogue-formation/311103.html]
[activites.fedecezam.fr/upload/11bloggif-5ac38f7bc0deb.jpg]
[www.cezam.fr/catalogue-formation/231743.html]
[activites.fedecezam.fr/upload/25bloggif-5ac38f7bc0deb.jpg]
[www.cezam.fr/catalogue-formation/252498.html]
[www.cezam.fr/catalogue-formation/248430.html]
[www.cezam.fr/catalogue-formation/281684.html]
[www.cezam.fr/catalogue-formation/271412.html]
[activites.fedecezam.fr/upload/FormationSSCT-MARS-Zoom.jpg]
[www.cezam.fr/mediacenter/uploads/ssct_mars2021.pdf]
[www.cezam.fr/catalogue-formation/267259.html]
[www.cezam.fr/catalogue-formation/228290.html]
[www.cezam.fr/catalogue-formation/320393.html]
[www.cezam.fr/catalogue-formation/228505.html]
[activites.fedecezam.fr/upload/1bloggif-5ac38f7bc0deb.jpg]
[www.cezam.fr/catalogue-formation/227346.html]
[activites.fedecezam.fr/upload/10formation.jpg]
[www.cezam.fr/catalogue-formation/343057.html]
[activites.fedecezam.fr/upload/34bloggif-5ac38f7bc0deb.jpg]
[www.cezam.fr/catalogue-formation/273943.html]
[www.cezam.fr/catalogue-formation/228514.html]
[www.cezam.fr/catalogue-formation/254735.html]
[www.cezam.fr/catalogue-formation/228513.html]
[www.cezam.fr/catalogue-formation/254734.html]
[www.cezam.fr/catalogue-formation/254733.html]
[www.cezam.fr/catalogue-formation/320480.html]
[www.cezam.fr/catalogue-formation/320479.html]
[activites.fedecezam.fr/upload/-4-3-prise-de-parole.jpg]
[www.cezam.fr/catalogue-formation/247889.html]
[www.cezam.fr/catalogue-formation/227467.html]
[activites.fedecezam.fr/upload/30bloggif-5ac38f7bc0deb.jpg]
[www.cezam.fr/catalogue-formation/273256.html]
[www.cezam.fr/catalogue-formation/280438.html]
[www.cezam.fr/catalogue-formation/273857.html]
[www.cezam.fr/catalogue-formation/292153.html]
[www.cezam.fr/catalogue-formation/257088.html]
[www.cezam.fr/catalogue-formation/284282.html]
[www.cezam.fr/catalogue-formation/280439.html]
[www.cezam.fr/catalogue-formation/292151.html]
[www.cezam.fr/catalogue-formation/284284.html]
[www.cezam.fr/catalogue-formation/284285.html]
[www.cezam.fr/catalogue-formation/273193.html]
[www.cezam.fr/mediacenter/uploads/sc/actu-appli.jpg]
[www.cezam.fr/mediacenter/uploads/sc/maif-logo_330x230.png]
[www.cezam.fr/mediacenter/uploads/sc/fille_2019.png]
[www.cezam.fr/mediacenter/uploads/sc/com_cezam_23.png]
[www.cezam.fr/la-carte-cezam.html]
[www.cezam.fr/la-carte-cezam/index.html]
[www.cezam.fr/mediacenter/uploads/l/upcadhoccarte_chequier_appli-2023.png]
[www.cezam.fr/mediacenter/uploads/offre_cadhoc_oct-2023.pdf]
[www.cezam.fr/bons-d-achat/cheques-et-cartes-upcadhoc.html]
[www.cezam.fr/mediacenter/uploads/l/chequier_culture.png]
[www.cezam.fr/mediacenter/uploads/cezam_cheque_culture_lire.pdf]
[www.cezam.fr/bons-d-achat/cheques-culture.html]
[www.cezam.fr/mediacenter/uploads/l/chequier_lire.png]
[www.cezam.fr/bons-d-achat/cheques-lire.html]
[www.cezam.fr/mediacenter/uploads/l/a3-prix-roman-cezam-20241.png]
[www.cezam.fr/mediacenter/uploads/l/a4-festival-du-film.jpg]
[www.cezam.fr/animations-culturelles.html]
[www.cezam.fr/mediacenter/uploads/saisie-des-votes-collectifs-pr2023.xlsx]
[www.cezam.fr/animations-culturelles/prix-du-roman/prix-du-roman-cezam-info.html]
[www.cezam.fr/mediacenter/uploads/m/2021-tiffany-mc-daniel.png]
[www.cezam.fr/mediacenter/uploads/m/2020-melissa-da-costa2.png]
[www.cezam.fr/mediacenter/uploads/m/2019-benoit-philippon.png]
[www.cezam.fr/mediacenter/uploads/s/guillemet.png]
[www.cezam.fr/mediacenter/uploads/m/2018-colin-niel.png]
[www.cezam.fr/mediacenter/uploads/lettre-colin-niel-2018.pdf]
[www.cezam.fr/mediacenter/uploads/m/2017-hubert-francois.png]
[www.cezam.fr/mediacenter/uploads/lettre-hubert-francois-2017.pdf]
[www.cezam.fr/mediacenter/uploads/m/2016-valentina-durbano.png]
[www.cezam.fr/mediacenter/uploads/lettre-valentina-d'urbano-2016.pdf]
[www.cezam.fr/mediacenter/uploads/m/2015-jp-didierlaurent.png]
[www.cezam.fr/mediacenter/uploads/lettre-jean-paul-didierlaurent-2015.pdf]
[www.cezam.fr/mediacenter/uploads/m/2014-gilles-vincent.png]
[www.cezam.fr/mediacenter/uploads/lettre-gilles-vincent-2014.pdf]
[www.cezam.fr/mediacenter/uploads/m/2013-elene-gestern-.png]
[www.cezam.fr/mediacenter/uploads/lettre-helene-gestern-2013.pdf]
[www.cezam.fr/animations-culturelles/prix-du-roman/laureats-prix-du-roman.html]
[www.cezam.fr/animations-culturelles/prix-du-roman/temoignages-prix-du-roman-cezam.html]
[www.cezam.fr/animations-culturelles/prix-du-roman/rencontres-auteurs-prix-du-roman-replay.html]
[www.cezam.fr/mediacenter/uploads/l/le-profil-de-galatee.jpg]
[www.cezam.fr/animations-culturelles/prix-du-roman/le-profil-de-galatee.html]
[www.cezam.fr/mediacenter/uploads/l/l'allegement-des-vernis.jpg]
[www.cezam.fr/animations-culturelles/prix-du-roman/l-allegement-des-vernis.html]
[www.cezam.fr/mediacenter/uploads/l/demain-les-ombres.jpg]
[www.cezam.fr/animations-culturelles/prix-du-roman/demain-les-ombres.html]
[www.cezam.fr/mediacenter/uploads/l/flagrant-deni.jpg]
[www.cezam.fr/animations-culturelles/prix-du-roman/flagrant-deni.html]
[www.cezam.fr/mediacenter/uploads/l/les-cles-du-couloir.jpg]
[www.cezam.fr/animations-culturelles/prix-du-roman/les-cles-du-couloir.html]
[www.cezam.fr/mediacenter/uploads/l/les-contemplees.jpg]
[www.cezam.fr/animations-culturelles/prix-du-roman/les-contemplees.html]
[www.cezam.fr/mediacenter/uploads/l/la-femme-paradis.jpg]
[www.cezam.fr/animations-culturelles/prix-du-roman/la-femme-paradis.html]
[www.cezam.fr/mediacenter/uploads/l/comment-va-la-nuit.jpg]
[www.cezam.fr/animations-culturelles/prix-du-roman/comment-va-la-nuit-.html]
[www.cezam.fr/mediacenter/uploads/l/les-silences1.jpg]
[www.cezam.fr/animations-culturelles/prix-du-roman/les-silences.html]
[www.cezam.fr/mediacenter/uploads/l/l'enfant-riviere.jpg]
[www.cezam.fr/animations-culturelles/prix-du-roman/l-enfant-riviere.html]
[www.cezam.fr/preregister.html]
[www.cezam.fr/activer-compte/index.html]
[www.cezam.fr/catalogue-formation/320474/information/index.html]
[www.cezam.fr/catalogue-formation/228298/information/index.html]
[www.cezam.fr/catalogue-formation/288243/information/2038988.html]
[www.cezam.fr/catalogue-formation/320473/information/2038987.html]
[www.cezam.fr/catalogue-formation/228310/information/index.html]
[www.cezam.fr/catalogue-formation/234597/information/1455692.html]
[www.cezam.fr/catalogue-formation/288236/information/2038985.html]
[www.cezam.fr/catalogue-formation/273201/information/1672334.html]
[www.cezam.fr/catalogue-formation/273201/information/2038993.html]
[www.cezam.fr/catalogue-formation/271411/information/2066643.html]
[www.cezam.fr/catalogue-formation/271411/information/1898335.html]
[www.cezam.fr/catalogue-formation/271411/information/1907153.html]
[www.cezam.fr/catalogue-formation/271411/information/2066641.html]
[www.cezam.fr/catalogue-formation/271411/information/2112858.html]
[www.cezam.fr/catalogue-formation/345004/information/2067537.html]
[www.cezam.fr/catalogue-formation/345004/information/2067536.html]
[www.cezam.fr/catalogue-formation/230461/information/index.html]
[www.cezam.fr/catalogue-formation/227342/information/2086023.html]
[www.cezam.fr/catalogue-formation/227342/information/2057037.html]
[www.cezam.fr/catalogue-formation/227342/information/2057038.html]
[www.cezam.fr/catalogue-formation/291486/information/2067502.html]
[www.cezam.fr/catalogue-formation/291486/information/2067503.html]
[www.cezam.fr/catalogue-formation/228306/information/index.html]
[www.cezam.fr/catalogue-formation/320472/information/1942346.html]
[www.cezam.fr/catalogue-formation/320472/information/2087030.html]
[www.cezam.fr/catalogue-formation/320475/information/1942350.html]
[www.cezam.fr/catalogue-formation/257086/information/1757425.html]
[www.cezam.fr/catalogue-formation/251326/information/1543385.html]
[www.cezam.fr/catalogue-formation/251326/information/1915152.html]
[www.cezam.fr/catalogue-formation/288238/information/1757429.html]
[www.cezam.fr/catalogue-formation/288238/information/1915155.html]
[www.cezam.fr/catalogue-formation/288238/information/2038105.html]
[www.cezam.fr/catalogue-formation/340231/information/2087029.html]
[www.cezam.fr/catalogue-formation/288240/information/1943231.html]
[www.cezam.fr/catalogue-formation/290759/information/1766228.html]
[www.cezam.fr/catalogue-formation/320478/information/1942353.html]
[www.cezam.fr/catalogue-formation/227463/information/2038980.html]
[www.cezam.fr/catalogue-formation/227463/information/1638520.html]
[www.cezam.fr/catalogue-formation/227463/information/1407582.html]
[www.cezam.fr/catalogue-formation/227463/information/2038981.html]
[www.cezam.fr/catalogue-formation/230648/information/index.html]
[www.cezam.fr/catalogue-formation/228293/information/1560690.html]
[www.cezam.fr/catalogue-formation/228293/information/1842560.html]
[www.cezam.fr/catalogue-formation/228293/information/1412945.html]
[www.cezam.fr/catalogue-formation/228293/information/1412944.html]
[www.cezam.fr/catalogue-formation/228293/information/1560693.html]
[www.cezam.fr/catalogue-formation/228072/information/1410023.html]
[www.cezam.fr/catalogue-formation/228072/information/1762538.html]
[www.cezam.fr/catalogue-formation/228072/information/1410025.html]
[www.cezam.fr/catalogue-formation/345006/information/2067532.html]
[www.cezam.fr/catalogue-formation/345006/information/2067533.html]
[www.cezam.fr/catalogue-formation/320477/information/2073359.html]
[www.cezam.fr/catalogue-formation/273202/information/1661636.html]
[www.cezam.fr/catalogue-formation/273202/information/2073360.html]
[www.cezam.fr/catalogue-formation/227462/information/2073355.html]
[www.cezam.fr/catalogue-formation/227462/information/2073356.html]
[www.cezam.fr/catalogue-formation/328074/information/index.html]
[www.cezam.fr/catalogue-formation/328229/information/index.html]
[www.cezam.fr/catalogue-formation/334011/information/index.html]
[www.cezam.fr/catalogue-formation/334196/information/index.html]
[www.cezam.fr/catalogue-formation/334304/information/index.html]
[www.cezam.fr/catalogue-formation/334452/information/index.html]
[www.cezam.fr/catalogue-formation/334453/information/2013234.html]
[www.cezam.fr/catalogue-formation/334454/information/index.html]
[www.cezam.fr/catalogue-formation/334455/information/2013236.html]
[www.cezam.fr/catalogue-formation/334456/information/index.html]
[www.cezam.fr/catalogue-formation/334457/information/2013238.html]
[www.cezam.fr/catalogue-formation/334596/information/index.html]
[www.cezam.fr/catalogue-formation/334597/information/2013781.html]
[www.cezam.fr/catalogue-formation/252493/information/index.html]
[www.cezam.fr/catalogue-formation/317216/information/2038102.html]
[www.cezam.fr/catalogue-formation/284281/information/index.html]
[www.cezam.fr/catalogue-formation/274847/information/index.html]
[www.cezam.fr/catalogue-formation/273198/information/2038986.html]
[www.cezam.fr/catalogue-formation/227461/information/1526974.html]
[www.cezam.fr/catalogue-formation/227461/information/1663300.html]
[www.cezam.fr/catalogue-formation/227461/information/2038982.html]
[www.cezam.fr/catalogue-formation/227461/information/2038983.html]
[www.cezam.fr/catalogue-formation/320476/information/1942351.html]
[www.cezam.fr/catalogue-formation/228307/information/1560697.html]
[www.cezam.fr/catalogue-formation/288239/information/2073357.html]
[www.cezam.fr/catalogue-formation/334008/information/index.html]
[www.cezam.fr/catalogue-formation/334010/information/index.html]
[www.cezam.fr/catalogue-formation/334194/information/index.html]
[www.cezam.fr/catalogue-formation/334197/information/index.html]
[www.cezam.fr/catalogue-formation/334303/information/index.html]
[www.cezam.fr/catalogue-formation/228309/information/index.html]
[www.cezam.fr/catalogue-formation/334301/information/2013009.html]
[www.cezam.fr/catalogue-formation/228302/information/2069172.html]
[www.cezam.fr/catalogue-formation/334287/information/index.html]
[www.cezam.fr/catalogue-formation/334288/information/index.html]
[www.cezam.fr/catalogue-formation/334289/information/index.html]
[www.cezam.fr/catalogue-formation/334293/information/index.html]
[www.cezam.fr/catalogue-formation/334305/information/index.html]
[www.cezam.fr/catalogue-formation/252492/information/index.html]
[www.cezam.fr/catalogue-formation/334195/information/index.html]
[www.cezam.fr/catalogue-formation/228188/information/2067522.html]
[www.cezam.fr/catalogue-formation/228188/information/2067523.html]
[www.cezam.fr/catalogue-formation/228303/information/1659074.html]
[www.cezam.fr/catalogue-formation/252490/information/index.html]
[www.cezam.fr/catalogue-formation/334290/information/index.html]
[www.cezam.fr/catalogue-formation/334291/information/index.html]
[www.cezam.fr/catalogue-formation/334292/information/index.html]
[www.cezam.fr/catalogue-formation/334294/information/index.html]
[www.cezam.fr/catalogue-formation/334306/information/index.html]
[www.cezam.fr/catalogue-formation/228300/information/1560695.html]
[www.cezam.fr/catalogue-formation/334006/information/index.html]
[www.cezam.fr/catalogue-formation/334193/information/index.html]
[www.cezam.fr/catalogue-formation/334199/information/index.html]
[www.cezam.fr/catalogue-formation/334299/information/index.html]
[www.cezam.fr/catalogue-formation/334307/information/index.html]
[www.cezam.fr/catalogue-formation/334598/information/2013782.html]
[www.cezam.fr/catalogue-formation/334600/information/2013784.html]
[www.cezam.fr/catalogue-formation/334602/information/2013786.html]
[www.cezam.fr/catalogue-formation/334604/information/2013788.html]
[www.cezam.fr/catalogue-formation/228301/information/1412951.html]
[www.cezam.fr/catalogue-formation/228301/information/1763019.html]
[www.cezam.fr/catalogue-formation/334007/information/index.html]
[www.cezam.fr/catalogue-formation/334192/information/index.html]
[www.cezam.fr/catalogue-formation/334200/information/index.html]
[www.cezam.fr/catalogue-formation/334300/information/index.html]
[www.cezam.fr/catalogue-formation/334308/information/index.html]
[www.cezam.fr/catalogue-formation/334599/information/index.html]
[www.cezam.fr/catalogue-formation/334601/information/index.html]
[www.cezam.fr/catalogue-formation/334603/information/index.html]
[www.cezam.fr/catalogue-formation/334605/information/index.html]
[www.cezam.fr/catalogue-formation/334004/information/index.html]
[www.cezam.fr/catalogue-formation/334009/information/index.html]
[www.cezam.fr/catalogue-formation/334201/information/index.html]
[www.cezam.fr/catalogue-formation/334302/information/index.html]
[www.cezam.fr/catalogue-formation/334606/information/index.html]
[www.cezam.fr/catalogue-formation/345005/information/2067535.html]
[www.cezam.fr/catalogue-formation/345005/information/2067534.html]
[www.cezam.fr/catalogue-formation/228299/information/index.html]
[www.cezam.fr/catalogue-formation/227466/information/2038984.html]
[www.cezam.fr/catalogue-formation/273197/information/1661627.html]
[www.cezam.fr/catalogue-formation/292150/information/index.html]
[www.cezam.fr/catalogue-formation/288241/information/1757434.html]
[www.cezam.fr/catalogue-formation/273196/information/1661626.html]
[www.cezam.fr/catalogue-formation/328073/information/index.html]
[www.cezam.fr/catalogue-formation/334005/information/index.html]
[www.cezam.fr/catalogue-formation/334191/information/index.html]
[www.cezam.fr/catalogue-formation/334198/information/index.html]
[www.cezam.fr/catalogue-formation/317295/information/2038104.html]
[www.cezam.fr/catalogue-formation/228297/information/1412946.html]
[www.cezam.fr/catalogue-formation/228297/information/1915157.html]
[www.cezam.fr/catalogue-formation/274619/information/2085393.html]
[www.cezam.fr/catalogue-formation/274619/information/1898336.html]
[www.cezam.fr/catalogue-formation/274619/information/1822387.html]
[www.cezam.fr/catalogue-formation/272835/information/1660538.html]
[www.cezam.fr/catalogue-formation/272835/information/1763020.html]
[www.cezam.fr/catalogue-formation/227465/information/1526988.html]
[www.cezam.fr/catalogue-formation/227464/information/1526985.html]
[www.cezam.fr/catalogue-formation/271413/information/index.html]
[www.cezam.fr/catalogue-formation/253883/information/1907409.html]
[www.cezam.fr/catalogue-formation/253883/information/2112856.html]
[www.cezam.fr/catalogue-formation/253883/information/1822386.html]
[www.cezam.fr/catalogue-formation/234462/information/2067512.html]
[www.cezam.fr/catalogue-formation/234462/information/2067513.html]
[www.cezam.fr/catalogue-formation/236919/information/2085394.html]
[www.cezam.fr/catalogue-formation/236919/information/2066642.html]
[www.cezam.fr/catalogue-formation/236919/information/2112857.html]
[www.cezam.fr/catalogue-formation/236919/information/1712698.html]
[www.cezam.fr/catalogue-formation/252491/information/index.html]
[www.cezam.fr/catalogue-formation/231741/information/2067517.html]
[www.cezam.fr/catalogue-formation/231741/information/2067518.html]
[www.cezam.fr/catalogue-formation/290583/information/2067504.html]
[www.cezam.fr/catalogue-formation/290583/information/2067505.html]
[www.cezam.fr/catalogue-formation/228507/information/1763237.html]
[www.cezam.fr/catalogue-formation/228311/information/1763238.html]
[www.cezam.fr/catalogue-formation/228511/information/1763239.html]
[www.cezam.fr/catalogue-formation/228509/information/1418471.html]
[www.cezam.fr/catalogue-formation/320471/information/2038990.html]
[www.cezam.fr/catalogue-formation/245569/information/2038992.html]
[www.cezam.fr/catalogue-formation/288237/information/2038991.html]
[www.cezam.fr/catalogue-formation/345007/information/2067530.html]
[www.cezam.fr/catalogue-formation/345007/information/2067531.html]
[www.cezam.fr/catalogue-formation/274848/information/index.html]
[www.cezam.fr/catalogue-formation/234464/information/2077551.html]
[www.cezam.fr/catalogue-formation/234464/information/2077550.html]
[www.cezam.fr/catalogue-formation/234464/information/2067515.html]
[www.cezam.fr/catalogue-formation/234464/information/2067516.html]
[www.cezam.fr/catalogue-formation/334295/information/index.html]
[www.cezam.fr/catalogue-formation/277629/information/1763017.html]
[www.cezam.fr/catalogue-formation/277629/information/1763018.html]
[www.cezam.fr/catalogue-formation/274049/information/index.html]
[www.cezam.fr/catalogue-formation/228506/information/index.html]
[www.cezam.fr/catalogue-formation/311103/information/1883478.html]
[www.cezam.fr/catalogue-formation/231743/information/2077549.html]
[www.cezam.fr/catalogue-formation/231743/information/2077548.html]
[www.cezam.fr/catalogue-formation/231743/information/2067520.html]
[www.cezam.fr/catalogue-formation/231743/information/2067521.html]
[www.cezam.fr/catalogue-formation/252498/information/2067511.html]
[www.cezam.fr/catalogue-formation/252498/information/2067510.html]
[www.cezam.fr/catalogue-formation/248430/information/2104209.html]
[www.cezam.fr/catalogue-formation/248430/information/1898337.html]
[www.cezam.fr/catalogue-formation/248430/information/2112855.html]
[www.cezam.fr/catalogue-formation/281684/information/1793865.html]
[www.cezam.fr/catalogue-formation/281684/information/1720797.html]
[www.cezam.fr/catalogue-formation/271412/information/index.html]
[www.cezam.fr/catalogue-formation/267259/information/index.html]
[www.cezam.fr/catalogue-formation/228290/information/index.html]
[www.cezam.fr/catalogue-formation/320393/information/1942158.html]
[www.cezam.fr/catalogue-formation/228505/information/1914724.html]
[www.cezam.fr/catalogue-formation/228505/information/1763015.html]
[www.cezam.fr/catalogue-formation/228505/information/1914725.html]
[www.cezam.fr/catalogue-formation/227346/information/2067525.html]
[www.cezam.fr/catalogue-formation/227346/information/2077547.html]
[www.cezam.fr/catalogue-formation/227346/information/2067526.html]
[www.cezam.fr/catalogue-formation/343057/information/2057253.html]
[www.cezam.fr/catalogue-formation/343057/information/2057254.html]
[www.cezam.fr/catalogue-formation/343057/information/2057255.html]
[www.cezam.fr/catalogue-formation/343057/information/2057256.html]
[www.cezam.fr/catalogue-formation/273943/information/2067506.html]
[www.cezam.fr/catalogue-formation/273943/information/2067507.html]
[www.cezam.fr/catalogue-formation/228514/information/index.html]
[www.cezam.fr/catalogue-formation/254735/information/2069173.html]
[www.cezam.fr/catalogue-formation/254735/information/2069174.html]
[www.cezam.fr/catalogue-formation/228513/information/index.html]
[www.cezam.fr/catalogue-formation/254734/information/index.html]
[www.cezam.fr/catalogue-formation/254733/information/1560699.html]
[www.cezam.fr/catalogue-formation/320480/information/2073361.html]
[www.cezam.fr/catalogue-formation/320479/information/1942354.html]
[www.cezam.fr/catalogue-formation/247889/information/index.html]
[www.cezam.fr/catalogue-formation/227467/information/2036859.html]
[www.cezam.fr/catalogue-formation/273256/information/2067509.html]
[www.cezam.fr/catalogue-formation/273256/information/2067508.html]
[www.cezam.fr/catalogue-formation/280438/information/1712701.html]
[www.cezam.fr/catalogue-formation/273857/information/1961075.html]
[www.cezam.fr/catalogue-formation/292153/information/index.html]
[www.cezam.fr/catalogue-formation/257088/information/1571158.html]
[www.cezam.fr/catalogue-formation/284282/information/1731641.html]
[www.cezam.fr/catalogue-formation/280439/information/index.html]
[www.cezam.fr/catalogue-formation/292151/information/index.html]
[www.cezam.fr/catalogue-formation/284284/information/1731643.html]
[www.cezam.fr/catalogue-formation/284285/information/1731644.html]
[www.cezam.fr/catalogue-formation/273193/information/1757423.html]
[www.cezam.fr/mediacenter/uploads/l/actu-appli.jpg]
[www.cezam.fr/mediacenter/uploads/m/badge-googleplay.png]
[www.cezam.fr/la-carte-cezam/ma-carte-cezam-sur-mon-mobile.html]
[www.cezam.fr/mediacenter/uploads/l/fille_2019.png]
[www.cezam.fr/la-carte-cezam/les-newsletters-cezam.html]
[www.cezam.fr/mediacenter/uploads/l/com_cezam_23.png]
[www.cezam.fr/la-carte-cezam/ou-utiliser-ma-carte-cezam.html]
[www.cezam.fr/bons-d-achat/index.html]
[www.cezam.fr/animations-culturelles/prix-du-roman/index.html]
[www.cezam.fr/catalogue-formation/320474/information.html]
[www.cezam.fr/catalogue-formation/228298/information.html]
[www.cezam.fr/catalogue-formation/228310/information.html]
[www.cezam.fr/catalogue-formation/230461/information.html]
[www.cezam.fr/catalogue-formation/228306/information.html]
[www.cezam.fr/catalogue-formation/230648/information.html]
[www.cezam.fr/catalogue-formation/328074/information.html]
[www.cezam.fr/catalogue-formation/328229/information.html]
[www.cezam.fr/catalogue-formation/334011/information.html]
[www.cezam.fr/catalogue-formation/334196/information.html]
[www.cezam.fr/catalogue-formation/334304/information.html]
[www.cezam.fr/catalogue-formation/334452/information.html]
[www.cezam.fr/catalogue-formation/334454/information.html]
[www.cezam.fr/catalogue-formation/334456/information.html]
[www.cezam.fr/catalogue-formation/334596/information.html]
[www.cezam.fr/catalogue-formation/252493/information.html]
[www.cezam.fr/catalogue-formation/284281/information.html]
[www.cezam.fr/catalogue-formation/274847/information.html]
[www.cezam.fr/catalogue-formation/334008/information.html]
[www.cezam.fr/catalogue-formation/334010/information.html]
[www.cezam.fr/catalogue-formation/334194/information.html]
[www.cezam.fr/catalogue-formation/334197/information.html]
[www.cezam.fr/catalogue-formation/334303/information.html]
[www.cezam.fr/catalogue-formation/228309/information.html]
[www.cezam.fr/catalogue-formation/334287/information.html]
[www.cezam.fr/catalogue-formation/334288/information.html]
[www.cezam.fr/catalogue-formation/334289/information.html]
[www.cezam.fr/catalogue-formation/334293/information.html]
[www.cezam.fr/catalogue-formation/334305/information.html]
[www.cezam.fr/catalogue-formation/252492/information.html]
[www.cezam.fr/catalogue-formation/334195/information.html]
[www.cezam.fr/catalogue-formation/252490/information.html]
[www.cezam.fr/catalogue-formation/334290/information.html]
[www.cezam.fr/catalogue-formation/334291/information.html]
[www.cezam.fr/catalogue-formation/334292/information.html]
[www.cezam.fr/catalogue-formation/334294/information.html]
[www.cezam.fr/catalogue-formation/334306/information.html]
[www.cezam.fr/catalogue-formation/334006/information.html]
[www.cezam.fr/catalogue-formation/334193/information.html]
[www.cezam.fr/catalogue-formation/334199/information.html]
[www.cezam.fr/catalogue-formation/334299/information.html]
[www.cezam.fr/catalogue-formation/334307/information.html]
[www.cezam.fr/catalogue-formation/334007/information.html]
[www.cezam.fr/catalogue-formation/334192/information.html]
[www.cezam.fr/catalogue-formation/334200/information.html]
[www.cezam.fr/catalogue-formation/334300/information.html]
[www.cezam.fr/catalogue-formation/334308/information.html]
[www.cezam.fr/catalogue-formation/334599/information.html]
[www.cezam.fr/catalogue-formation/334601/information.html]
[www.cezam.fr/catalogue-formation/334603/information.html]
[www.cezam.fr/catalogue-formation/334605/information.html]
[www.cezam.fr/catalogue-formation/334004/information.html]
[www.cezam.fr/catalogue-formation/334009/information.html]
[www.cezam.fr/catalogue-formation/334201/information.html]
[www.cezam.fr/catalogue-formation/334302/information.html]
[www.cezam.fr/catalogue-formation/334606/information.html]
[www.cezam.fr/catalogue-formation/228299/information.html]
[www.cezam.fr/catalogue-formation/292150/information.html]
[www.cezam.fr/catalogue-formation/328073/information.html]
[www.cezam.fr/catalogue-formation/334005/information.html]
[www.cezam.fr/catalogue-formation/334191/information.html]
[www.cezam.fr/catalogue-formation/334198/information.html]
[www.cezam.fr/catalogue-formation/271413/information.html]
[www.cezam.fr/catalogue-formation/252491/information.html]
[www.cezam.fr/catalogue-formation/274848/information.html]
[www.cezam.fr/catalogue-formation/334295/information.html]
[www.cezam.fr/catalogue-formation/274049/information.html]
[www.cezam.fr/catalogue-formation/228506/information.html]
[www.cezam.fr/catalogue-formation/271412/information.html]
[www.cezam.fr/catalogue-formation/267259/information.html]
[www.cezam.fr/catalogue-formation/228290/information.html]
[www.cezam.fr/catalogue-formation/228514/information.html]
[www.cezam.fr/catalogue-formation/228513/information.html]
[www.cezam.fr/catalogue-formation/254734/information.html]
[www.cezam.fr/catalogue-formation/247889/information.html]
[www.cezam.fr/catalogue-formation/292153/information.html]
[www.cezam.fr/catalogue-formation/280439/information.html]
[www.cezam.fr/catalogue-formation/292151/information.html]
